<html>
<body>
<pre>
<h1>µVision Build Log</h1>
<h2>Tool Versions:</h2>
IDE-Version: µVision V5.21.1.0
Copyright (C) 2016 ARM Ltd and ARM Germany GmbH. All rights reserved.
License Information: mai bmai semtech Flex license: MDK-ARM Standard Cortex-M only: 4 user(s) (mdk_cm_std) Support: Dec 2018
 
Tool Versions:
Toolchain:       MDK-ARM Standard Cortex-M only: 4 user(s)  Version: 5.21a
Toolchain Path:  C:\Keil_v5\ARM\ARMCC\Bin
C Compiler:      Armcc.exe V5.06 update 3 (build 300)
Assembler:       Armasm.exe V5.06 update 3 (build 300)
Linker/Locator:  ArmLink.exe V5.06 update 3 (build 300)
Library Manager: ArmAr.exe V5.06 update 3 (build 300)
Hex Converter:   FromElf.exe V5.06 update 3 (build 300)
CPU DLL:         SARMCM3.DLL V5.21a
Dialog DLL:      DCM.DLL V1.13.8.0
Target DLL:      STLink\ST-LINKIII-KEIL_SWO.dll V2.0.18.0
Dialog DLL:      TCM.DLL V1.14.14.0
 
<h2>Project:</h2>
C:\aProject\SX126X\SX126X-LoRaWAN\Keil\NucleoL152\LoRaMac\classC\LoRaMac.uvprojx
Project File Date:  04/04/2018

<h2>Output:</h2>
*** Using Compiler 'V5.06 update 3 (build 300)', folder: 'C:\Keil_v5\ARM\ARMCC\Bin'
Build target 'LoRaMac-as923'
compiling main.c...
..\..\..\..\src\apps\LoRaMac\classC\NucleoL152\main.c(787): warning:  #223-D: function "printf" declared implicitly
                  printf("LoRaWAN Class C \r\n");
..\..\..\..\src\apps\LoRaMac\classC\NucleoL152\main.c(840): warning:  #223-D: function "printf" declared implicitly
                  printf("DevAddr=0x%8x\r\n",DevAddr);
..\..\..\..\src\apps\LoRaMac\classC\NucleoL152\main.c: 2 warnings, 0 errors
compiling gpio-board.c...
compiling board.c...
compiling rtc-board.c...
compiling spi-board.c...
compiling delay-board.c...
compiling uart-board.c...
assembling startup_stm32l152xe.s...
compiling sx1261dvk1bas-board.c...
compiling system_stm32l1xx.c...
compiling stm32l1xx_hal_cortex.c...
compiling stm32l1xx_hal.c...
compiling stm32l1xx_hal_dma.c...
compiling stm32l1xx_hal_gpio.c...
compiling stm32l1xx_hal_pwr.c...
compiling stm32l1xx_hal_pwr_ex.c...
compiling stm32l1xx_hal_rcc_ex.c...
compiling stm32l1xx_hal_rcc.c...
compiling stm32l1xx_hal_rtc.c...
compiling stm32l1xx_hal_spi.c...
compiling stm32l1xx_hal_rtc_ex.c...
compiling stm32l1xx_hal_spi_ex.c...
compiling sysIrqHandlers.c...
compiling stm32l1xx_hal_usart.c...
compiling utilities.c...
compiling stm32l1xx_hal_uart.c...
compiling LoRaMacCrypto.c...
compiling LoRaMac.c...
..\..\..\..\src\mac\LoRaMac.c(787): warning:  #223-D: function "printf" declared implicitly
      printf("<-------OnRadioRxDone()\r\n");
..\..\..\..\src\mac\LoRaMac.c(1207): warning:  #223-D: function "printf" declared implicitly
      printf("OnRadioRxTimeout()\r\n");
..\..\..\..\src\mac\LoRaMac.c(1480): warning:  #223-D: function "printf" declared implicitly
      printf("OpenRxWindow 1\r\n");
..\..\..\..\src\mac\LoRaMac.c(1509): warning:  #223-D: function "printf" declared implicitly
          printf("OpenRxWindow 2\r\n");
..\..\..\..\src\mac\LoRaMac.c(1561): warning:  #223-D: function "printf" declared implicitly
      printf("OnAckTimeoutTimerEvent()\r\n");
..\..\..\..\src\mac\LoRaMac.c(2357): warning:  #223-D: function "printf" declared implicitly
      printf("Radio.Send()--->>>>>\r\n");
..\..\..\..\src\mac\LoRaMac.c: 6 warnings, 0 errors
compiling Region.c...
compiling RegionAS923.c...
compiling RegionAU915.c...
compiling RegionCN470.c...
compiling RegionCN779.c...
compiling RegionCommon.c...
compiling RegionEU433.c...
compiling RegionIN865.c...
compiling RegionEU868.c...
compiling RegionKR920.c...
compiling RegionUS915-Hybrid.c...
compiling RegionUS915.c...
compiling radio.c...
..\..\..\..\src\radio\sx126x\radio.c(556): warning:  #223-D: function "printf" declared implicitly
      printf("Freq=%d\r\n",freq);
..\..\..\..\src\radio\sx126x\radio.c(624): warning:  #223-D: function "printf" declared implicitly
      printf("BW=%d,DR=%d,CR=%d,IQ=%d,symbTO=%d\r\n",bandwidth,datarate,coderate,iqInverted,symbTimeout);
..\..\..\..\src\radio\sx126x\radio.c(941): warning:  #223-D: function "printf" declared implicitly
          printf("RadioRxBoosted-->RxTimeoutTimer Start=%d\r\n",timeout);
..\..\..\..\src\radio\sx126x\radio.c(1067): warning:  #223-D: function "printf" declared implicitly
          printf("SW-Timer-->RadioOnRxTimeoutIrq-->RxTimeoutTimer\r\n");
..\..\..\..\src\radio\sx126x\radio.c(1133): warning:  #223-D: function "printf" declared implicitly
                      printf("HW--MODE_TX--IRQ_RX_TX_TIMEOUT\r\n");
..\..\..\..\src\radio\sx126x\radio.c(1142): warning:  #223-D: function "printf" declared implicitly
                      printf("HW--IRQ_RX_TX_TIMEOUT\r\n");
..\..\..\..\src\radio\sx126x\radio.c(1168): warning:  #223-D: function "printf" declared implicitly
                  printf("HW--IRQ_HEADER_ERROR\r\n");
..\..\..\..\src\radio\sx126x\radio.c: 7 warnings, 0 errors
compiling delay.c...
compiling fifo.c...
compiling sx126x.c...
compiling gpio.c...
compiling timer.c...
compiling uart.c...
compiling aes.c...
compiling cmac.c...
linking...
Program Size: Code=56234 RO-data=2454 RW-data=472 ZI-data=6264  
FromELF: creating hex file...
After Build - User command #1: fromelf --bin --output=LoRaMac-as923.bin .\obj\LoRaMac-as923\LoRaMac-as923.axf
".\obj\LoRaMac-as923\LoRaMac-as923.axf" - 0 Error(s), 15 Warning(s).

<h2>Collection of Component include folders:</h2>
  C:\aProject\SX126X\SX126X-LoRaWAN\Keil\NucleoL152\LoRaMac\classC\RTE
  C:\Keil_v5\ARM\PACK\Keil\STM32L1xx_DFP\1.2.0\Device\Include

<h2>Collection of Component Files used:</h2>
Build Time Elapsed:  00:00:56
</pre>
</body>
</html>
